  Determinando os projetos a serem restaurados...
  Todos os projetos estão atualizados para restauração.
C:\Users\Mateus Amaro\Documents\Faculdade\BCC 4-5\ARQUITETURA DE SOFTWARE E DESEN VOLVIMENTO FULL\Atividade-ApiHexagonal\Application\Services\TurmaService.cs(4,7): warning CS0105: A diretiva using para "ApiHexagonal.Domain.Interfaces" apareceu anteriormente neste namespace [C:\Users\Mateus Amaro\Documents\Faculdade\BCC 4-5\ARQUITETURA DE SOFTWARE E DESEN VOLVIMENTO FULL\Atividade-ApiHexagonal\ApiHexagonal.csproj]
C:\Users\Mateus Amaro\Documents\Faculdade\BCC 4-5\ARQUITETURA DE SOFTWARE E DESEN VOLVIMENTO FULL\Atividade-ApiHexagonal\Application\Services\AlunoService.cs(7,33): error CS0246: O nome do tipo ou do namespace "IAlunoService" não pode ser encontrado (está faltando uma diretiva using ou uma referência de assembly?) [C:\Users\Mateus Amaro\Documents\Faculdade\BCC 4-5\ARQUITETURA DE SOFTWARE E DESEN VOLVIMENTO FULL\Atividade-ApiHexagonal\ApiHexagonal.csproj]
C:\Users\Mateus Amaro\Documents\Faculdade\BCC 4-5\ARQUITETURA DE SOFTWARE E DESEN VOLVIMENTO FULL\Atividade-ApiHexagonal\Application\Services\TurmaService.cs(8,33): error CS0246: O nome do tipo ou do namespace "ITurmaService" não pode ser encontrado (está faltando uma diretiva using ou uma referência de assembly?) [C:\Users\Mateus Amaro\Documents\Faculdade\BCC 4-5\ARQUITETURA DE SOFTWARE E DESEN VOLVIMENTO FULL\Atividade-ApiHexagonal\ApiHexagonal.csproj]

FALHA da compilação.

C:\Users\Mateus Amaro\Documents\Faculdade\BCC 4-5\ARQUITETURA DE SOFTWARE E DESEN VOLVIMENTO FULL\Atividade-ApiHexagonal\Application\Services\TurmaService.cs(4,7): warning CS0105: A diretiva using para "ApiHexagonal.Domain.Interfaces" apareceu anteriormente neste namespace [C:\Users\Mateus Amaro\Documents\Faculdade\BCC 4-5\ARQUITETURA DE SOFTWARE E DESEN VOLVIMENTO FULL\Atividade-ApiHexagonal\ApiHexagonal.csproj]
C:\Users\Mateus Amaro\Documents\Faculdade\BCC 4-5\ARQUITETURA DE SOFTWARE E DESEN VOLVIMENTO FULL\Atividade-ApiHexagonal\Application\Services\AlunoService.cs(7,33): error CS0246: O nome do tipo ou do namespace "IAlunoService" não pode ser encontrado (está faltando uma diretiva using ou uma referência de assembly?) [C:\Users\Mateus Amaro\Documents\Faculdade\BCC 4-5\ARQUITETURA DE SOFTWARE E DESEN VOLVIMENTO FULL\Atividade-ApiHexagonal\ApiHexagonal.csproj]
C:\Users\Mateus Amaro\Documents\Faculdade\BCC 4-5\ARQUITETURA DE SOFTWARE E DESEN VOLVIMENTO FULL\Atividade-ApiHexagonal\Application\Services\TurmaService.cs(8,33): error CS0246: O nome do tipo ou do namespace "ITurmaService" não pode ser encontrado (está faltando uma diretiva using ou uma referência de assembly?) [C:\Users\Mateus Amaro\Documents\Faculdade\BCC 4-5\ARQUITETURA DE SOFTWARE E DESEN VOLVIMENTO FULL\Atividade-ApiHexagonal\ApiHexagonal.csproj]
    1 Aviso(s)
    2 Erro(s)

Tempo Decorrido 00:00:01.50

As atualizações de carga de trabalho estão disponíveis. Execute `dotnet workload list` para obter mais informações.
